Microchip MPLAB XC8 Compiler V2.32

Linker command line:

-W-3 --edf=/Applications/microchip/xc8/v2.32/pic/dat/en_msgs.txt -cn \
  -h+dist/default/production/MI_RS485.X.production.sym \
  --cmf=dist/default/production/MI_RS485.X.production.cmf -z -Q12F1822 \
  -o/tmp/xcZLVSXo1 --defsym=__MPLAB_BUILD=1 \
  -Mdist/default/production/MI_RS485.X.production.map -E1 -ver=XC8 Compiler \
  --acfsm=1493 -ASTACK=02054h-0206Fh -pstack=STACK -ACODE=00h-07FFh \
  -ASTRCODE=00h-07FFh -ASTRING=00h-0FFhx8 -ACONST=00h-0FFhx8 \
  -AENTRY=00h-0FFhx8 -ACOMMON=070h-07Fh -ABANK0=020h-06Fh -ABANK1=0A0h-0BFh \
  -ABIGRAM=02000h-0206Fh -ARAM=020h-06Fh,0A0h-0BFh \
  -AABS1=020h-07Fh,0A0h-0BFh -ASFR0=00h-01Fh -ASFR1=080h-09Fh \
  -ASFR2=0100h-016Fh -ASFR3=0180h-01EFh -ASFR4=0200h-026Fh \
  -ASFR5=0280h-02EFh -ASFR6=0300h-036Fh -ASFR7=0380h-03EFh \
  -ASFR8=0400h-046Fh -ASFR9=0480h-04EFh -ASFR10=0500h-056Fh \
  -ASFR11=0580h-05EFh -ASFR12=0600h-066Fh -ASFR13=0680h-06EFh \
  -ASFR14=0700h-076Fh -ASFR15=0780h-07EFh -ASFR16=0800h-086Fh \
  -ASFR17=0880h-08EFh -ASFR18=0900h-096Fh -ASFR19=0980h-09EFh \
  -ASFR20=0A00h-0A6Fh -ASFR21=0A80h-0AEFh -ASFR22=0B00h-0B6Fh \
  -ASFR23=0B80h-0BEFh -ASFR24=0C00h-0C6Fh -ASFR25=0C80h-0CEFh \
  -ASFR26=0D00h-0D6Fh -ASFR27=0D80h-0DEFh -ASFR28=0E00h-0E6Fh \
  -ASFR29=0E80h-0EEFh -ASFR30=0F00h-0F6Fh -ASFR31=0F80h-0FEFh \
  -ACONFIG=08007h-08008h -DCONFIG=2 -AIDLOC=08000h-08003h -DIDLOC=2 \
  -AEEDATA=00h-0FFh/0F000h -peeprom_data=EEDATA -DEEDATA=2 -DCODE=2 \
  -DSTRCODE=2 -DSTRING=2 -DCONST=2 -DENTRY=2 \
  -preset_vec=00h,intentry=04h,init,end_init -ppowerup=CODE -pcinit=CODE \
  -pfunctab=ENTRY -k /tmp/xc4gE6ZlA.o \
  dist/default/production/MI_RS485.X.production.o 

Object code version is 3.11

Machine type is 12F1822



                Name                               Link     Load   Length Selector   Space Scale
/tmp/xc4gE6ZlA.o
                end_init                             85       85        1        8       0
                reset_vec                             0        0        1        0       0
                config                             8007     8007        2        0       4
dist/default/production/MI_RS485.X.production.o
                cinit                                86       86        D        8       0
                intentry                              4        4       81        8       0
                config                             8007     8007        2        0       4
                text6                               2F8      2F8       18        8       0
                text5                               1B5      1B5       81        8       0
                text4                               310      310       13        8       0
                text3                               236      236       63        8       0
                text2                                93       93      122        8       0
                text1                               323      323        F        8       0
                maintext                            299      299       5F        8       0
                cstackBANK0                          64       64        A       20       1
                cstackCOMMON                         70       70        A       70       1
                cstackBANK1                          A0       A0        4       A0       1
                clrtext                             332      332        6        8       0
                bssBANK0                             20       20       44       20       1
                bssCOMMON                            7A       7A        2       70       1
                nvBANK0                              6E       6E        1       20       1

TOTAL           Name                               Link     Load   Length     Space
        CLASS   STACK          

        CLASS   CODE           
                end_init                             85       85        1         0
                cinit                                86       86        D         0
                intentry                              4        4       81         0
                reset_vec                             0        0        1         0
                text6                               2F8      2F8       18         0
                text5                               1B5      1B5       81         0
                text4                               310      310       13         0
                text3                               236      236       63         0
                text2                                93       93      122         0
                text1                               323      323        F         0
                maintext                            299      299       5F         0
                clrtext                             332      332        6         0

        CLASS   STRCODE        

        CLASS   STRING         

        CLASS   CONST          

        CLASS   ENTRY          

        CLASS   COMMON         
                cstackCOMMON                         70       70        A         1
                bssCOMMON                            7A       7A        2         1

        CLASS   BANK0          
                cstackBANK0                          64       64        A         1
                bssBANK0                             20       20       44         1
                nvBANK0                              6E       6E        1         1

        CLASS   BANK1          
                cstackBANK1                          A0       A0        4         1

        CLASS   BIGRAM         

        CLASS   RAM            

        CLASS   ABS1           
                abs_s1                               7E       7E        2         1

        CLASS   SFR0           

        CLASS   SFR1           

        CLASS   SFR2           

        CLASS   SFR3           

        CLASS   SFR4           

        CLASS   SFR5           

        CLASS   SFR6           

        CLASS   SFR7           

        CLASS   SFR8           

        CLASS   SFR9           

        CLASS   SFR10          

        CLASS   SFR11          

        CLASS   SFR12          

        CLASS   SFR13          

        CLASS   SFR14          

        CLASS   SFR15          

        CLASS   SFR16          

        CLASS   SFR17          

        CLASS   SFR18          

        CLASS   SFR19          

        CLASS   SFR20          

        CLASS   SFR21          

        CLASS   SFR22          

        CLASS   SFR23          

        CLASS   SFR24          

        CLASS   SFR25          

        CLASS   SFR26          

        CLASS   SFR27          

        CLASS   SFR28          

        CLASS   SFR29          

        CLASS   SFR30          

        CLASS   SFR31          

        CLASS   CONFIG         
                config                             8007     8007        2         4

        CLASS   IDLOC          

        CLASS   EEDATA         

        CLASS   BANK31         

        CLASS   BANK30         

        CLASS   BANK29         

        CLASS   BANK28         

        CLASS   BANK27         

        CLASS   BANK26         

        CLASS   BANK25         

        CLASS   BANK24         

        CLASS   BANK23         

        CLASS   BANK22         

        CLASS   BANK21         

        CLASS   BANK20         

        CLASS   BANK19         

        CLASS   BANK18         

        CLASS   BANK17         

        CLASS   BANK16         

        CLASS   BANK15         

        CLASS   BANK14         

        CLASS   BANK13         

        CLASS   BANK12         

        CLASS   BANK11         

        CLASS   BANK10         

        CLASS   BANK9          

        CLASS   BANK8          

        CLASS   BANK7          

        CLASS   BANK6          

        CLASS   BANK5          

        CLASS   BANK4          

        CLASS   BANK3          

        CLASS   BANK2          



SEGMENTS        Name                           Load    Length   Top    Selector   Space  Class     Delta

                reset_vec                      000000  000001  000001         0       0  CODE        2
                intentry                       000004  000334  000338         8       0  CODE        2
                bssBANK0                       000020  00004F  00006F        20       1  BANK0       1
                cstackCOMMON                   000070  00000C  00007C        70       1  COMMON      1
                cstackBANK1                    0000A0  000004  0000A4        A0       1  BANK1       1


UNUSED ADDRESS RANGES

        Name                Unused          Largest block    Delta
        BANK0            0006F-0006F               1           1
        BANK1            000A4-000BF              1C           1
        BIGRAM           02000-0206F              70           1
        CODE             00001-00003               3           2
                         00338-007FF             4C8
        COMMON           0007C-0007D               2           1
        CONST            00001-00003               3           2
                         00338-007FF             100
        EEDATA           0F000-0F0FF             100           2
        ENTRY            00001-00003               3           2
                         00338-007FF             100
        IDLOC            08000-08003               4           2
        RAM              0006F-0006F               1           1
                         000A4-000BF              1C
        SFR0             00000-0001F              20           1
        SFR1             00080-0009F              20           1
        SFR10            00500-0056F              70           1
        SFR11            00580-005EF              70           1
        SFR12            00600-0066F              70           1
        SFR13            00680-006EF              70           1
        SFR14            00700-0076F              70           1
        SFR15            00780-007EF              70           1
        SFR16            00800-0086F              70           1
        SFR17            00880-008EF              70           1
        SFR18            00900-0096F              70           1
        SFR19            00980-009EF              70           1
        SFR2             00100-0016F              70           1
        SFR20            00A00-00A6F              70           1
        SFR21            00A80-00AEF              70           1
        SFR22            00B00-00B6F              70           1
        SFR23            00B80-00BEF              70           1
        SFR24            00C00-00C6F              70           1
        SFR25            00C80-00CEF              70           1
        SFR26            00D00-00D6F              70           1
        SFR27            00D80-00DEF              70           1
        SFR28            00E00-00E6F              70           1
        SFR29            00E80-00EEF              70           1
        SFR3             00180-001EF              70           1
        SFR30            00F00-00F6F              70           1
        SFR31            00F80-00FEF              70           1
        SFR4             00200-0026F              70           1
        SFR5             00280-002EF              70           1
        SFR6             00300-0036F              70           1
        SFR7             00380-003EF              70           1
        SFR8             00400-0046F              70           1
        SFR9             00480-004EF              70           1
        STACK            02054-0206F              1C           1
        STRCODE          00001-00003               3           2
                         00338-007FF             4C8
        STRING           00001-00003               3           2
                         00338-007FF             100

                                  Symbol Table

COMM_RS485@RSP            cstackBANK0  0006C
COMM_RS485@Resp           cstackBANK0  00069
COMM_RS485@i              cstackBANK0  0006B
COMM_RS485@j              cstackBANK0  0006A
Rcv_RS485@data            cstackCOMMON 00077
Rcv_RS485@i               cstackCOMMON 00076
Send_RS485@CMND           cstackBANK0  00064
Send_RS485@ID             cstackCOMMON 00074
Send_RS485@chksum         cstackBANK0  00066
Send_RS485@data           cstackBANK0  00065
Send_RS485@i              cstackBANK0  00068
Send_RS485@j              cstackBANK0  00067
Send_RS485@n              cstackCOMMON 00075
_ADCON0                   (abs)        0009D
_ADGO                     (abs)        004E9
_ADRESH                   (abs)        0009C
_ADRESL                   (abs)        0009B
_ANSELA                   (abs)        0018C
_APFCON                   (abs)        0011D
_BAUDCON                  (abs)        0019F
_CCP1CON                  (abs)        00293
_CMND                     bssBANK0     00052
_COMM_RS485               text2        00093
_CREN                     (abs)        00CEC
_FF_mode                  bssBANK0     0004F
_GIE                      (abs)        0005F
_ID                       bssBANK0     00050
_INTCON                   (abs)        0000B
_INTCONbits               (abs)        0000B
_InitializeUSART          text1        00323
_LEN                      nvBANK0      0006E
_OERR                     (abs)        00CE9
_OPTION_REG               (abs)        00095
_OSCCON                   (abs)        00099
_PEIE                     (abs)        0005E
_PORTA                    (abs)        0000C
_RA4                      (abs)        00064
_RA5                      (abs)        00065
_RCIE                     (abs)        0048D
_RCIF                     (abs)        0008D
_RCREG                    (abs)        00199
_RCSTA                    (abs)        0019D
_Rcv_RS485                text5        001B5
_SPBRG                    (abs)        0019B
_SPBRGH                   (abs)        0019C
_Send_RS485               text3        00236
_TMR0                     (abs)        00015
_TRISA                    (abs)        0008C
_TXREG                    (abs)        0019A
_TXSTA                    (abs)        0019E
_TXSTAbits                (abs)        0019E
_UART_rd_buffer           bssBANK0     0002A
_UART_wr_buffer           bssBANK0     00020
__Habs1                   abs1         00000
__Hbank0                  bank0        00000
__Hbank1                  bank1        00000
__Hbank10                 bank10       00000
__Hbank11                 bank11       00000
__Hbank12                 bank12       00000
__Hbank13                 bank13       00000
__Hbank14                 bank14       00000
__Hbank15                 bank15       00000
__Hbank16                 bank16       00000
__Hbank17                 bank17       00000
__Hbank18                 bank18       00000
__Hbank19                 bank19       00000
__Hbank2                  bank2        00000
__Hbank20                 bank20       00000
__Hbank21                 bank21       00000
__Hbank22                 bank22       00000
__Hbank23                 bank23       00000
__Hbank24                 bank24       00000
__Hbank25                 bank25       00000
__Hbank26                 bank26       00000
__Hbank27                 bank27       00000
__Hbank28                 bank28       00000
__Hbank29                 bank29       00000
__Hbank3                  bank3        00000
__Hbank30                 bank30       00000
__Hbank31                 bank31       00000
__Hbank4                  bank4        00000
__Hbank5                  bank5        00000
__Hbank6                  bank6        00000
__Hbank7                  bank7        00000
__Hbank8                  bank8        00000
__Hbank9                  bank9        00000
__Hbigram                 bigram       00000
__HbssBANK0               bssBANK0     00000
__HbssCOMMON              bssCOMMON    00000
__Hcinit                  cinit        00093
__Hclrtext                clrtext      00000
__Hcode                   code         00000
__Hcommon                 common       00000
__Hconfig                 config       08009
__HcstackBANK0            cstackBANK0  00000
__HcstackBANK1            cstackBANK1  00000
__HcstackCOMMON           cstackCOMMON 00000
__Heeprom_data            eeprom_data  00000
__Hend_init               end_init     00086
__Hfunctab                functab      00000
__Hinit                   init         00085
__Hintentry               intentry     00085
__Hmaintext               maintext     00000
__HnvBANK0                nvBANK0      00000
__Hpowerup                powerup      00000
__Hram                    ram          00000
__Hreset_vec              reset_vec    00001
__Hsfr0                   sfr0         00000
__Hsfr1                   sfr1         00000
__Hsfr10                  sfr10        00000
__Hsfr11                  sfr11        00000
__Hsfr12                  sfr12        00000
__Hsfr13                  sfr13        00000
__Hsfr14                  sfr14        00000
__Hsfr15                  sfr15        00000
__Hsfr16                  sfr16        00000
__Hsfr17                  sfr17        00000
__Hsfr18                  sfr18        00000
__Hsfr19                  sfr19        00000
__Hsfr2                   sfr2         00000
__Hsfr20                  sfr20        00000
__Hsfr21                  sfr21        00000
__Hsfr22                  sfr22        00000
__Hsfr23                  sfr23        00000
__Hsfr24                  sfr24        00000
__Hsfr25                  sfr25        00000
__Hsfr26                  sfr26        00000
__Hsfr27                  sfr27        00000
__Hsfr28                  sfr28        00000
__Hsfr29                  sfr29        00000
__Hsfr3                   sfr3         00000
__Hsfr30                  sfr30        00000
__Hsfr31                  sfr31        00000
__Hsfr4                   sfr4         00000
__Hsfr5                   sfr5         00000
__Hsfr6                   sfr6         00000
__Hsfr7                   sfr7         00000
__Hsfr8                   sfr8         00000
__Hsfr9                   sfr9         00000
__Hspace_0                (abs)        00338
__Hspace_1                (abs)        000A4
__Hspace_2                (abs)        00000
__Hspace_3                (abs)        00000
__Hspace_4                (abs)        10010
__Hstack                  stack        00000
__Hstrings                strings      00000
__Htext                   text         00000
__Labs1                   abs1         00000
__Lbank0                  bank0        00000
__Lbank1                  bank1        00000
__Lbank10                 bank10       00000
__Lbank11                 bank11       00000
__Lbank12                 bank12       00000
__Lbank13                 bank13       00000
__Lbank14                 bank14       00000
__Lbank15                 bank15       00000
__Lbank16                 bank16       00000
__Lbank17                 bank17       00000
__Lbank18                 bank18       00000
__Lbank19                 bank19       00000
__Lbank2                  bank2        00000
__Lbank20                 bank20       00000
__Lbank21                 bank21       00000
__Lbank22                 bank22       00000
__Lbank23                 bank23       00000
__Lbank24                 bank24       00000
__Lbank25                 bank25       00000
__Lbank26                 bank26       00000
__Lbank27                 bank27       00000
__Lbank28                 bank28       00000
__Lbank29                 bank29       00000
__Lbank3                  bank3        00000
__Lbank30                 bank30       00000
__Lbank31                 bank31       00000
__Lbank4                  bank4        00000
__Lbank5                  bank5        00000
__Lbank6                  bank6        00000
__Lbank7                  bank7        00000
__Lbank8                  bank8        00000
__Lbank9                  bank9        00000
__Lbigram                 bigram       00000
__LbssBANK0               bssBANK0     00000
__LbssCOMMON              bssCOMMON    00000
__Lcinit                  cinit        00086
__Lclrtext                clrtext      00000
__Lcode                   code         00000
__Lcommon                 common       00000
__Lconfig                 config       00000
__LcstackBANK0            cstackBANK0  00000
__LcstackBANK1            cstackBANK1  00000
__LcstackCOMMON           cstackCOMMON 00000
__Leeprom_data            eeprom_data  00000
__Lend_init               end_init     00085
__Lfunctab                functab      00000
__Linit                   init         00085
__Lintentry               intentry     00004
__Lmaintext               maintext     00000
__LnvBANK0                nvBANK0      00000
__Lpowerup                powerup      00000
__Lram                    ram          00000
__Lreset_vec              reset_vec    00000
__Lsfr0                   sfr0         00000
__Lsfr1                   sfr1         00000
__Lsfr10                  sfr10        00000
__Lsfr11                  sfr11        00000
__Lsfr12                  sfr12        00000
__Lsfr13                  sfr13        00000
__Lsfr14                  sfr14        00000
__Lsfr15                  sfr15        00000
__Lsfr16                  sfr16        00000
__Lsfr17                  sfr17        00000
__Lsfr18                  sfr18        00000
__Lsfr19                  sfr19        00000
__Lsfr2                   sfr2         00000
__Lsfr20                  sfr20        00000
__Lsfr21                  sfr21        00000
__Lsfr22                  sfr22        00000
__Lsfr23                  sfr23        00000
__Lsfr24                  sfr24        00000
__Lsfr25                  sfr25        00000
__Lsfr26                  sfr26        00000
__Lsfr27                  sfr27        00000
__Lsfr28                  sfr28        00000
__Lsfr29                  sfr29        00000
__Lsfr3                   sfr3         00000
__Lsfr30                  sfr30        00000
__Lsfr31                  sfr31        00000
__Lsfr4                   sfr4         00000
__Lsfr5                   sfr5         00000
__Lsfr6                   sfr6         00000
__Lsfr7                   sfr7         00000
__Lsfr8                   sfr8         00000
__Lsfr9                   sfr9         00000
__Lspace_0                (abs)        00000
__Lspace_1                (abs)        00000
__Lspace_2                (abs)        00000
__Lspace_3                (abs)        00000
__Lspace_4                (abs)        00000
__Lstack                  stack        00000
__Lstrings                strings      00000
__Ltext                   text         00000
__S0                      (abs)        00338
__S1                      (abs)        000A4
__S2                      (abs)        00000
__S3                      (abs)        00000
___int_sp                 stack        00000
___latbits                (abs)        00000
___sp                     stack        00000
___stackhi                (abs)        0206F
___stacklo                (abs)        02054
__end_of_COMM_RS485       text2        001B5
__end_of_InitializeUSART  text1        00332
__end_of_Rcv_RS485        text5        00236
__end_of_Send_RS485       text3        00299
__end_of__initialization  cinit        00090
__end_of_get_UART         text6        00310
__end_of_isr              intentry     00085
__end_of_main             maintext     002F8
__end_of_put_UART         text4        00323
__initialization          cinit        00086
__pbssBANK0               bssBANK0     00020
__pbssCOMMON              bssCOMMON    0007A
__pcstackBANK0            cstackBANK0  00064
__pcstackBANK1            cstackBANK1  000A0
__pcstackCOMMON           cstackCOMMON 00070
__pintentry               intentry     00004
__pmaintext               maintext     00299
__pnvBANK0                nvBANK0      0006E
__ptext1                  text1        00323
__ptext2                  text2        00093
__ptext3                  text3        00236
__ptext4                  text4        00310
__ptext5                  text5        001B5
__ptext6                  text6        002F8
__size_of_COMM_RS485      (abs)        00000
__size_of_InitializeUSART (abs)        00000
__size_of_Rcv_RS485       (abs)        00000
__size_of_Send_RS485      (abs)        00000
__size_of_get_UART        (abs)        00000
__size_of_isr             (abs)        00000
__size_of_main            (abs)        00000
__size_of_put_UART        (abs)        00000
_a                        bssCOMMON    0007A
_get_UART                 text6        002F8
_isr                      intentry     00004
_main                     maintext     00299
_msg                      bssBANK0     00034
_n_uart_wrbuf             bssBANK0     00061
_put_UART                 text4        00310
_uart_buf_bytes           bssBANK0     00062
_uart_rcv_complete        bssBANK0     00060
_uart_rd_ptr              bssCOMMON    0007B
_uart_wr_ptr              bssBANK0     00063
btemp                     (abs)        0007E
clear_ram0                clrtext      00332
end_of_initialization     cinit        00090
get_UART@data             cstackCOMMON 00073
int$flags                 (abs)        0007E
intlevel0                 functab      00000
intlevel1                 functab      00000
intlevel2                 functab      00000
intlevel3                 functab      00000
intlevel4                 functab      00000
intlevel5                 functab      00000
main@i                    cstackBANK1  000A0
main@j                    cstackBANK1  000A2
put_UART@data             cstackCOMMON 00073
reset_vec                 reset_vec    00000
start                     init         00085
start_initialization      cinit        00086
wtemp0                    (abs)        0007E


MODULE INFORMATION

Module		Function		Class		Link	Load	Size
shared
		__initialization		CODE           	0086	0000	10

shared estimated size: 10

main.c
		_COMM_RS485    		CODE           	0093	0000	290
		_Send_RS485    		CODE           	0236	0000	99
		_main          		CODE           	0299	0000	95
		_put_UART      		CODE           	0310	0000	19
		_isr           		CODE           	0004	0000	129
		_Rcv_RS485     		CODE           	01B5	0000	129
		_InitializeUSART		CODE           	0323	0000	15
		_get_UART      		CODE           	02F8	0000	24

main.c estimated size: 800

